C51 COMPILER V9.01   LCD                                                                   03/30/2021 22:13:22 PAGE 1   


C51 COMPILER V9.01, COMPILATION OF MODULE LCD
OBJECT MODULE PLACED IN lcd.OBJ
COMPILER INVOKED BY: C:\Keil_v5\C51\BIN\C51.EXE lcd.c OPTIMIZE(8,SPEED) BROWSE DEBUG OBJECTEXTEND TABS(2)

line level    source

   1          #include "lcd.h"
   2          #include <intrins.h>
   3          const Uchar delay_count=250; //延时时间常数
   4          static void Wait1ms(void)//延迟1 ms
   5          {
   6   1      Uchar cnt=0;
   7   1      while (cnt<delay_count) cnt++;
   8   1      }
   9          
  10          //延迟n ms
  11          void WaitNms(int n)
  12          {
  13   1      Uchar i;
  14   1      for(i=1;i<=n;i++)
  15   1      Wait1ms();
  16   1      }
  17          
  18          /**************************************************************************/
  19          //以下是并口时才开的
  20          //读忙标志,
  21          void RDBF(void)
  22          {
  23   1      Uchar temp;
  24   1      RS=0; // RS=0
  25   1      RW=1; // RW=1
  26   1      Wait1ms();
  27   1      while(1)
  28   1      {
  29   2      P2=0xFF; //数据线为输入
  30   2      E=1;
  31   2      temp=P2;
  32   2      Wait1ms();
  33   2      E=0; // E=0
  34   2      if ((temp&0x80)==0) break;
  35   2      }
  36   1      }
  37          //写数据到指令寄存器
  38          void WRCommand(Uchar comm)
  39          {
  40   1      RDBF();
  41   1      RW=0;
  42   1      P2=comm;
  43   1      Wait1ms();
  44   1      E=1;
  45   1      E=0;
  46   1      }
  47          //写数据到数据寄存器
  48          void WRData(Uchar TEMP)
  49          {
  50   1      RDBF();
  51   1      RS=1;
  52   1      RW=0;
  53   1      P2=TEMP;
  54   1      Wait1ms();
  55   1      E=1;
C51 COMPILER V9.01   LCD                                                                   03/30/2021 22:13:22 PAGE 2   

  56   1      E=0;
  57   1      }
  58          
  59          /*******************************************************************/
  60          //初始化LCD-8 位接口
  61          void LCDInit(void)
  62          { // PSB=0; //串口
  63   1      PSB=1;//并口时选这个,上一行取消
  64   1      REST=1;
  65   1      REST=0;
  66   1      REST=1;
  67   1      WRCommand(0x30); //基本指令集,8 位并行
  68   1      WRCommand(0x06); //启始点设定：光标右移
  69   1      WRCommand(0x01); //清除显示DDRAM
  70   1      WRCommand(0x0C); //显示状态开关：整体显示开，光标显示关，光标显示反白关
  71   1      WRCommand(0x02); //地址归零
  72   1      }
  73          
  74          //显示数组字符串(显示半宽字型16*8 点阵)
  75          void ShowQQChar(Uchar addr,Uchar *english,Uchar count)
  76          {
  77   1      Uchar i;
  78   1      WRCommand(addr);//设定DDRAM 地址
  79   1      for(i=0;i<count;)
  80   1      {
  81   2      WRData(english[i*2]); 
  82   2      WRData(english[i*2+1]);
  83   2      i++;
  84   2      }
  85   1      }
  86          
  87          /*//显示数组字符串(显示半宽字型16*8 点阵)
  88          void ShowNUMChar(Uchar addr,Uchar *english,Uchar count)
  89          {
  90          Uchar i;
  91          WRCommand(addr);//设定DDRAM 地址
  92          for(i=0;i<count;)
  93          {
  94          WRData(english[i*2]);
  95          i++;
  96          }
  97          }*/
  98          
  99          //显示连续字串(半宽字符)
 100          void ShowNUMChar(Uchar addr,Uchar i,Uchar count)
 101          {
 102   1      Uchar j;
 103   1      for(j=0;j<count;)
 104   1      {
 105   2      WRCommand(addr);//设定DDRAM 地址
 106   2      WRData(i+j);
 107   2      j++;
 108   2      WRData(i+j);
 109   2      addr++;
 110   2      j++;
 111   2      }
 112   1      }
 113          


MODULE INFORMATION:   STATIC OVERLAYABLE
   CODE SIZE        =    235    ----
C51 COMPILER V9.01   LCD                                                                   03/30/2021 22:13:22 PAGE 3   

   CONSTANT SIZE    =   ----    ----
   XDATA SIZE       =   ----    ----
   PDATA SIZE       =   ----    ----
   DATA SIZE        =      1       5
   IDATA SIZE       =   ----    ----
   BIT SIZE         =   ----    ----
END OF MODULE INFORMATION.


C51 COMPILATION COMPLETE.  0 WARNING(S),  0 ERROR(S)
